For more details look at the `Errors` property.

1. For the field bar of type FooFilter was no handler found.
