For more details look at the `Errors` property.

1. For the field eq of type TestOperationTypeFilter was no handler found.
