For the convention of scope Default is no provider defined
