{
  "result": [
    {
      "Id": 1,
      "Name": "Foo",
      "Books": [
        {
          "Id": 1,
          "Title": "Foo1",
          "Author": null,
          "Publisher": null
        }
      ],
      "Publishers": []
    },
    {
      "Id": 2,
      "Name": "Bar",
      "Books": [
        {
          "Id": 2,
          "Title": "Bar1",
          "Author": null,
          "Publisher": null
        }
      ],
      "Publishers": []
    },
    {
      "Id": 3,
      "Name": "Baz",
      "Books": [
        {
          "Id": 3,
          "Title": "Baz1",
          "Author": null,
          "Publisher": null
        }
      ],
      "Publishers": []
    }
  ],
  "executable": "HotChocolate.Data.Author[]"
}
