schema {
  query: Query
}

type Query {
  foo(test: FooFilterTypeFilter): String
}

input EnumOperationInputOfFooBarFilter {
  eq: FooBar
  in: [FooBar!]
  neq: FooBar
  nin: [FooBar!]
}

input FooFilterTypeFilter {
  and: [FooFilterTypeFilter!]
  comparable: EnumOperationInputOfFooBarFilter
  or: [FooFilterTypeFilter!]
}

enum FooBar {
  FOO
  BAR
}

"The `String` scalar type represents textual data, represented as UTF-8 character sequences. The String type is most often used by GraphQL to represent free-form human-readable text."
scalar String
