schema {
  query: Query
}

type Query {
  foo(test: FooFilter): String
}

input EnumOperationInputOfFooBarFilter {
  eq: FooBar
  in: [FooBar!]
  neq: FooBar
  nin: [FooBar!]
}

input EnumOperationInputOfNullableOfFooBarFilter {
  eq: FooBar
  in: [FooBar]
  neq: FooBar
  nin: [FooBar]
}

input FooFilter {
  and: [FooFilter!]
  fooBar: EnumOperationInputOfFooBarFilter
  fooBarNullable: EnumOperationInputOfNullableOfFooBarFilter
  or: [FooFilter!]
}

enum FooBar {
  FOO
  BAR
}

"The `String` scalar type represents textual data, represented as UTF-8 character sequences. The String type is most often used by GraphQL to represent free-form human-readable text."
scalar String
