schema {
  query: Query
}

type Bar {
  stringOperation: String!
}

type Foo {
  complexMethod: Bar!
  simpleMethod: Boolean!
}

type Query {
  foos(where: FooFilter): [Foo!]!
}

input FooFilter {
  and: [FooFilter!]
  or: [FooFilter!]
}

"The `Boolean` scalar type represents `true` or `false`."
scalar Boolean

"The `String` scalar type represents textual data, represented as UTF-8 character sequences. The String type is most often used by GraphQL to represent free-form human-readable text."
scalar String
