schema {
  query: Query
}

type Query {
  foo(test: ExplicitFilterTypeFilter): String
}

input BarFilter {
  and: [BarFilter!]
  foo: FooFilter
  fooNullable: FooFilter
  or: [BarFilter!]
}

input ComparableOperationInputOfInt16Filter {
  eq: Short
  gt: Short
  gte: Short
  in: [Short!]
  lt: Short
  lte: Short
  neq: Short
  ngt: Short
  ngte: Short
  nin: [Short!]
  nlt: Short
  nlte: Short
}

input ExplicitFilterTypeFilter {
  and: [ExplicitFilterTypeFilter!]
  comparable: BarFilter
  or: [ExplicitFilterTypeFilter!]
}

input FooFilter {
  and: [FooFilter!]
  barShort: ComparableOperationInputOfInt16Filter
  or: [FooFilter!]
}

"The `Short` scalar type represents non-fractional signed whole 16-bit numeric values. Short can represent values between -(2^15) and 2^15 - 1."
scalar Short

"The `String` scalar type represents textual data, represented as UTF-8 character sequences. The String type is most often used by GraphQL to represent free-form human-readable text."
scalar String
