[{"data":{"foo":"A-1-2-3"}},{"data":{"foo":"B-1-2-3"}},{"data":{"foo":"C-1-2-3"}},{"data":{"foo":"B-1-2-3"}}]
