[{"data":{"foo":{"A1":"A1-1","foo":{"B1":"B1-2","foo":{"C1":"C1-3"}}}}},{"data":{"foo":{"D2":"D2-1","foo":{"E2":"E2-2","foo":{"A1B":"A1-1"}}}}},{"data":{"foo":{"A3":"A3-1","foo":{"B3":"B3-2","foo":{"C3":"C3-3"}}}}}]
