SELECT "d"."Id", "d"."BarDecimal", "d"."BarDouble", "d"."BarFloat", "d"."BarInt", "d"."BarLong", "d"."BarShort"
FROM "Data" AS "d"
WHERE ("d"."BarShort" = @__p_0) OR ("d"."BarShort" = @__p_1)
